=== PBR vs EW, same engine, 2016-01-01 ~ 2026-08-14 ===
  pbr_value_v1: 756 closed positions (merged 2953), 40s
  ew_benchmark_liquid_v1: 5703 closed positions (merged 122129), 76s

 {
  "period": "2016-01-01 ~ 2026-08-14",
  "pbr_value_v1": {
    "signalCount": 3774,
    "closedPositionCount": 756,
    "continuousHoldsMergedCount": 2953,
    "resultTable": {
      "finalEquity": 162941771,
      "totalReturn": 0.638,
      "cagr": 0.0489,
      "mdd": -0.1047,
      "sharpe": 2.2486,
      "sortino": 6.1792,
      "calmar": 0.4675,
      "winRate": 0.5026,
      "tradeCount": 756
    },
    "annualReturns": {
      "2016": 0.0928,
      "2017": 0.0342,
      "2018": -0.0207,
      "2019": 0.0097,
      "2020": 0.0323,
      "2021": 0.1138,
      "2022": 0.0509,
      "2023": 0.0226,
      "2024": 0.0233,
      "2025": 0.1069,
      "2026": 0.0418
    }
  },
  "ew_benchmark_liquid_v1": {
    "signalCount": 130744,
    "closedPositionCount": 5703,
    "continuousHoldsMergedCount": 122129,
    "resultTable": {
      "finalEquity": 137331603,
      "totalReturn": 0.3735,
      "cagr": 0.0312,
      "mdd": -0.2017,
      "sharpe": 1.1348,
      "sortino": 8.5871,
      "calmar": 0.1547,
      "winRate": 0.3367,
      "tradeCount": 5703
    },
    "annualReturns": {
      "2016": -0.004,
      "2017": -0.0051,
      "2018": -0.0149,
      "2019": -0.0142,
      "2020": -0.007,
      "2021": 0.001,
      "2022": -0.0039,
      "2023": -0.0113,
      "2024": -0.025,
      "2025": -0.023,
      "2026": 0.5305
    }
  },
  "pbrMinusEW_cagrGap": 0.0177
}

saved: C:\Users\User\projects\stock\research\strategy-lab\reports\2026-08-22-pbr-vs-ew-same-engine\pbr-vs-ew-same-engine.json
